explore bars=54,798  src=/home/user/webapp/data/mt5_full/XAUUSD_H1.csv
median ATR34 = 30.9 pip (мبنای اسکالر مدیریت)

########## range=asia  (L=1056 S=1076) ##########
  slm=1.4 rr=2.0 be=  - trail=  -: n=2,068 WR=36.46% lift= +0.47pp exp=  -1.96pip PF=0.938 [E1=0.925 E2=0.955]
  slm=1.4 rr=2.0 be=  - trail=1.0: n=2,130 WR=39.67% lift= +3.68pp exp=  -0.47pip PF=0.973 [E1=0.960 E2=0.991]
  slm=1.4 rr=2.0 be=  - trail=2.1: n=2,108 WR=34.63% lift= -1.35pp exp=  -2.28pip PF=0.909 [E1=0.903 E2=0.916]
  slm=1.4 rr=2.0 be=0.5 trail=  -: n=2,119 WR=21.05% lift=-14.94pp exp=  -2.26pip PF=0.886 [E1=0.893 E2=0.877]
  slm=1.4 rr=2.0 be=0.5 trail=1.0: n=2,131 WR=38.29% lift= +2.30pp exp=  -0.58pip PF=0.967 [E1=0.963 E2=0.971]
  slm=1.4 rr=2.0 be=0.5 trail=2.1: n=2,124 WR=26.37% lift= -9.62pp exp=  -1.62pip PF=0.917 [E1=0.901 E2=0.937]
  slm=1.4 rr=2.0 be=1.0 trail=  -: n=2,099 WR=27.16% lift= -8.83pp exp=  -3.35pip PF=0.866 [E1=0.865 E2=0.867]
  slm=1.4 rr=2.0 be=1.0 trail=1.0: n=2,130 WR=39.67% lift= +3.68pp exp=  -0.47pip PF=0.973 [E1=0.960 E2=0.991]
  slm=1.4 rr=2.0 be=1.0 trail=2.1: n=2,112 WR=32.77% lift= -3.22pp exp=  -2.20pip PF=0.908 [E1=0.887 E2=0.932]
  slm=1.4 rr=3.4 be=  - trail=  -: n=2,010 WR=33.38% lift= +8.84pp exp=  +0.45pip PF=1.014 [E1=0.954 E2=1.096]
  slm=1.4 rr=3.4 be=  - trail=1.0: n=2,129 WR=39.60% lift=+15.06pp exp=  +0.47pip PF=1.026 [E1=0.989 E2=1.073]
  slm=1.4 rr=3.4 be=  - trail=2.1: n=2,087 WR=33.92% lift= +9.40pp exp=  -0.88pip PF=0.965 [E1=0.940 E2=0.996]
  slm=1.4 rr=3.4 be=0.5 trail=  -: n=2,087 WR=16.53% lift= -8.01pp exp=  -0.67pip PF=0.966 [E1=0.941 E2=0.998]
  slm=1.4 rr=3.4 be=0.5 trail=1.0: n=2,130 WR=38.22% lift=+13.68pp exp=  +0.33pip PF=1.019 [E1=0.991 E2=1.055]
  slm=1.4 rr=3.4 be=0.5 trail=2.1: n=2,108 WR=25.43% lift= +0.90pp exp=  -0.98pip PF=0.950 [E1=0.926 E2=0.981]
  slm=1.4 rr=3.4 be=1.0 trail=  -: n=2,059 WR=22.15% lift= -2.38pp exp=  -1.12pip PF=0.956 [E1=0.910 E2=1.012]
  slm=1.4 rr=3.4 be=1.0 trail=1.0: n=2,129 WR=39.60% lift=+15.06pp exp=  +0.47pip PF=1.026 [E1=0.989 E2=1.073]
  slm=1.4 rr=3.4 be=1.0 trail=2.1: n=2,091 WR=31.90% lift= +7.37pp exp=  -0.96pip PF=0.960 [E1=0.916 E2=1.013]
  slm=2.1 rr=2.0 be=  - trail=  -: n=1,960 WR=42.09% lift= +7.00pp exp=  +0.76pip PF=1.020 [E1=1.035 E2=1.001]
  slm=2.1 rr=2.0 be=  - trail=1.0: n=2,124 WR=42.18% lift= +7.08pp exp=  +1.46pip PF=1.082 [E1=1.090 E2=1.073]
  slm=2.1 rr=2.0 be=  - trail=2.1: n=2,069 WR=38.52% lift= +3.44pp exp=  +0.06pip PF=1.002 [E1=0.991 E2=1.016]
  slm=2.1 rr=2.0 be=0.5 trail=  -: n=2,043 WR=24.38% lift=-10.72pp exp=  -0.28pip PF=0.989 [E1=0.983 E2=0.996]
  slm=2.1 rr=2.0 be=0.5 trail=1.0: n=2,124 WR=42.18% lift= +7.08pp exp=  +1.46pip PF=1.082 [E1=1.090 E2=1.073]
  slm=2.1 rr=2.0 be=0.5 trail=2.1: n=2,079 WR=33.43% lift= -1.66pp exp=  +0.52pip PF=1.022 [E1=1.007 E2=1.040]
  slm=2.1 rr=2.0 be=1.0 trail=  -: n=1,988 WR=34.71% lift= -0.38pp exp=  +0.06pip PF=1.002 [E1=1.030 E2=0.967]
  slm=2.1 rr=2.0 be=1.0 trail=1.0: n=2,124 WR=42.18% lift= +7.08pp exp=  +1.46pip PF=1.082 [E1=1.090 E2=1.073]
  slm=2.1 rr=2.0 be=1.0 trail=2.1: n=2,069 WR=38.52% lift= +3.44pp exp=  +0.06pip PF=1.002 [E1=0.991 E2=1.016]
  slm=2.1 rr=3.4 be=  - trail=  -: n=1,915 WR=41.72% lift=+17.79pp exp=  +2.08pip PF=1.055 [E1=1.061 E2=1.047]
  slm=2.1 rr=3.4 be=  - trail=1.0: n=2,124 WR=42.18% lift=+18.25pp exp=  +2.14pip PF=1.120 [E1=1.127 E2=1.112]
  slm=2.1 rr=3.4 be=  - trail=2.1: n=2,057 WR=38.55% lift=+14.64pp exp=  +0.46pip PF=1.017 [E1=1.003 E2=1.035]
  slm=2.1 rr=3.4 be=0.5 trail=  -: n=2,007 WR=22.77% lift= -1.16pp exp=  +0.44pip PF=1.018 [E1=0.981 E2=1.062]
  slm=2.1 rr=3.4 be=0.5 trail=1.0: n=2,124 WR=42.18% lift=+18.25pp exp=  +2.14pip PF=1.120 [E1=1.127 E2=1.112]
  slm=2.1 rr=3.4 be=0.5 trail=2.1: n=2,068 WR=33.46% lift= +9.54pp exp=  +0.96pip PF=1.042 [E1=1.028 E2=1.058]
  slm=2.1 rr=3.4 be=1.0 trail=  -: n=1,946 WR=33.09% lift= +9.17pp exp=  +0.64pip PF=1.020 [E1=1.032 E2=1.006]
  slm=2.1 rr=3.4 be=1.0 trail=1.0: n=2,124 WR=42.18% lift=+18.25pp exp=  +2.14pip PF=1.120 [E1=1.127 E2=1.112]
  slm=2.1 rr=3.4 be=1.0 trail=2.1: n=2,057 WR=38.55% lift=+14.64pp exp=  +0.46pip PF=1.017 [E1=1.003 E2=1.035]

########## range=quiet  (L=1039 S=1054) ##########
  slm=1.4 rr=2.0 be=  - trail=  -: n=2,036 WR=36.25% lift= +0.26pp exp=  -1.95pip PF=0.938 [E1=0.924 E2=0.957]
  slm=1.4 rr=2.0 be=  - trail=1.0: n=2,091 WR=39.50% lift= +3.51pp exp=  -0.52pip PF=0.972 [E1=0.977 E2=0.965]
  slm=1.4 rr=2.0 be=  - trail=2.1: n=2,070 WR=34.44% lift= -1.53pp exp=  -2.36pip PF=0.907 [E1=0.903 E2=0.912]
  slm=1.4 rr=2.0 be=0.5 trail=  -: n=2,081 WR=21.24% lift=-14.75pp exp=  -2.17pip PF=0.891 [E1=0.898 E2=0.882]
  slm=1.4 rr=2.0 be=0.5 trail=1.0: n=2,092 WR=38.15% lift= +2.16pp exp=  -0.64pip PF=0.964 [E1=0.977 E2=0.947]
  slm=1.4 rr=2.0 be=0.5 trail=2.1: n=2,085 WR=26.38% lift= -9.61pp exp=  -1.61pip PF=0.919 [E1=0.912 E2=0.928]
  slm=1.4 rr=2.0 be=1.0 trail=  -: n=2,062 WR=27.30% lift= -8.68pp exp=  -3.40pip PF=0.866 [E1=0.858 E2=0.876]
  slm=1.4 rr=2.0 be=1.0 trail=1.0: n=2,091 WR=39.50% lift= +3.51pp exp=  -0.52pip PF=0.972 [E1=0.977 E2=0.965]
  slm=1.4 rr=2.0 be=1.0 trail=2.1: n=2,073 WR=32.66% lift= -3.32pp exp=  -2.34pip PF=0.903 [E1=0.886 E2=0.925]
  slm=1.4 rr=3.4 be=  - trail=  -: n=1,978 WR=33.06% lift= +8.53pp exp=  +0.43pip PF=1.013 [E1=0.963 E2=1.082]
  slm=1.4 rr=3.4 be=  - trail=1.0: n=2,090 WR=39.43% lift=+14.89pp exp=  +0.53pip PF=1.029 [E1=1.009 E2=1.055]
  slm=1.4 rr=3.4 be=  - trail=2.1: n=2,047 WR=33.61% lift= +9.09pp exp=  -0.83pip PF=0.967 [E1=0.944 E2=0.996]
  slm=1.4 rr=3.4 be=0.5 trail=  -: n=2,048 WR=16.65% lift= -7.88pp exp=  -0.55pip PF=0.973 [E1=0.960 E2=0.989]
  slm=1.4 rr=3.4 be=0.5 trail=1.0: n=2,091 WR=38.07% lift=+13.53pp exp=  +0.37pip PF=1.021 [E1=1.007 E2=1.039]
  slm=1.4 rr=3.4 be=0.5 trail=2.1: n=2,069 WR=25.42% lift= +0.89pp exp=  -0.73pip PF=0.963 [E1=0.950 E2=0.980]
  slm=1.4 rr=3.4 be=1.0 trail=  -: n=2,022 WR=22.26% lift= -2.27pp exp=  -1.05pip PF=0.959 [E1=0.920 E2=1.007]
  slm=1.4 rr=3.4 be=1.0 trail=1.0: n=2,090 WR=39.43% lift=+14.89pp exp=  +0.53pip PF=1.029 [E1=1.009 E2=1.055]
  slm=1.4 rr=3.4 be=1.0 trail=2.1: n=2,051 WR=31.74% lift= +7.22pp exp=  -0.91pip PF=0.963 [E1=0.924 E2=1.011]
  slm=2.1 rr=2.0 be=  - trail=  -: n=1,925 WR=41.97% lift= +6.88pp exp=  +0.68pip PF=1.018 [E1=1.049 E2=0.977]
  slm=2.1 rr=2.0 be=  - trail=1.0: n=2,084 WR=42.23% lift= +7.13pp exp=  +1.68pip PF=1.093 [E1=1.119 E2=1.061]
  slm=2.1 rr=2.0 be=  - trail=2.1: n=2,027 WR=38.43% lift= +3.35pp exp=  +0.16pip PF=1.006 [E1=1.003 E2=1.010]
  slm=2.1 rr=2.0 be=0.5 trail=  -: n=2,003 WR=24.71% lift=-10.38pp exp=  +0.01pip PF=1.001 [E1=1.014 E2=0.984]
  slm=2.1 rr=2.0 be=0.5 trail=1.0: n=2,084 WR=42.23% lift= +7.13pp exp=  +1.68pip PF=1.093 [E1=1.119 E2=1.061]
  slm=2.1 rr=2.0 be=0.5 trail=2.1: n=2,038 WR=33.42% lift= -1.67pp exp=  +0.66pip PF=1.028 [E1=1.024 E2=1.033]
  slm=2.1 rr=2.0 be=1.0 trail=  -: n=1,949 WR=34.84% lift= -0.25pp exp=  +0.48pip PF=1.015 [E1=1.058 E2=0.962]
  slm=2.1 rr=2.0 be=1.0 trail=1.0: n=2,084 WR=42.23% lift= +7.13pp exp=  +1.68pip PF=1.093 [E1=1.119 E2=1.061]
  slm=2.1 rr=2.0 be=1.0 trail=2.1: n=2,027 WR=38.43% lift= +3.35pp exp=  +0.16pip PF=1.006 [E1=1.003 E2=1.010]
  slm=2.1 rr=3.4 be=  - trail=  -: n=1,881 WR=41.52% lift=+17.59pp exp=  +2.43pip PF=1.064 [E1=1.080 E2=1.043]
  slm=2.1 rr=3.4 be=  - trail=1.0: n=2,084 WR=42.23% lift=+18.29pp exp=  +2.44pip PF=1.135 [E1=1.156 E2=1.109]
  slm=2.1 rr=3.4 be=  - trail=2.1: n=2,015 WR=38.41% lift=+14.50pp exp=  +0.75pip PF=1.028 [E1=1.022 E2=1.035]
  slm=2.1 rr=3.4 be=0.5 trail=  -: n=1,968 WR=22.87% lift= -1.06pp exp=  +0.82pip PF=1.033 [E1=1.011 E2=1.059]
  slm=2.1 rr=3.4 be=0.5 trail=1.0: n=2,084 WR=42.23% lift=+18.29pp exp=  +2.44pip PF=1.135 [E1=1.156 E2=1.109]
  slm=2.1 rr=3.4 be=0.5 trail=2.1: n=2,027 WR=33.40% lift= +9.48pp exp=  +1.19pip PF=1.051 [E1=1.049 E2=1.053]
  slm=2.1 rr=3.4 be=1.0 trail=  -: n=1,910 WR=33.04% lift= +9.11pp exp=  +1.37pip PF=1.043 [E1=1.061 E2=1.021]
  slm=2.1 rr=3.4 be=1.0 trail=1.0: n=2,084 WR=42.23% lift=+18.29pp exp=  +2.44pip PF=1.135 [E1=1.156 E2=1.109]
  slm=2.1 rr=3.4 be=1.0 trail=2.1: n=2,015 WR=38.41% lift=+14.50pp exp=  +0.75pip PF=1.028 [E1=1.022 E2=1.035]

[S832 explore-3 complete]
