explore bars=54,798 days=2403 src=/home/user/webapp/data/mt5_full/XAUUSD_H1.csv
  N=10 k=0.5 G= 60 none   : n= 489 (L252/S237) WR=49.69% null=45.18%±2.35 INFOlift= +4.51pp z=+1.9 pw= 100 PF=1.125 [L=1.10 S=1.15] exp=  +8.42 [R1= +3.8 R2= +5.4 R3= +4.0]
  N=10 k=0.5 G= 60 aligned: n= 364 (L193/S171) WR=50.27% null=45.30%±2.26 INFOlift= +4.98pp z=+2.2 pw=  95 PF=1.109 [L=1.15 S=1.06] exp=  +7.51 [R1= +7.6 R2= +4.3 R3= +4.9]
  N=10 k=0.5 G= 60 counter: n= 148 (L74/S74) WR=47.30% null=46.46%±3.58 INFOlift= +0.83pp z=+0.2 pw=  10 PF=0.966 [L=0.89 S=1.04] exp=  -2.53 [R1= -1.5 R2= +1.3 R3= +1.1]
  N=10 k=0.5 G=120 aligned: n= 333 (L172/S161) WR=53.15% null=45.02%±2.90 INFOlift= +8.13pp z=+2.8 pw= 148 PF=1.198 [L=1.17 S=1.23] exp= +13.32 [R1= +1.1 R2=+10.4 R3= +7.6]
  N=10 k=0.5 G=120 counter: n= 170 (L85/S85) WR=42.35% null=45.81%±3.53 INFOlift= -3.46pp z=-1.0 pw= -45 PF=0.921 [L=0.96 S=0.88] exp=  -5.78 [R1= +8.0 R2= -5.2 R3= -5.8]
  N=10 k=0.5 G=180 aligned: n= 311 (L148/S163) WR=51.45% null=44.67%±3.05 INFOlift= +6.78pp z=+2.2 pw= 119 PF=1.171 [L=1.17 S=1.17] exp= +11.54 [R1= +3.8 R2= +8.1 R3= +6.5]
  N=10 k=0.5 G=180 counter: n= 189 (L110/S79) WR=46.03% null=46.38%±3.97 INFOlift= -0.35pp z=-0.1 pw=  -5 PF=1.027 [L=0.94 S=1.14] exp=  +1.83 [R1= +6.2 R2= -1.6 R3= -0.6]
  N=10 k=0.3 G= 60 none   : n= 640 (L336/S304) WR=47.81% null=45.52%±1.88 INFOlift= +2.29pp z=+1.2 pw=  58 PF=0.988 [L=0.96 S=1.02] exp=  -0.87 [R1= +3.1 R2= -0.1 R3= +3.7]
  N=10 k=0.3 G= 60 aligned: n= 456 (L243/S213) WR=49.56% null=46.55%±2.56 INFOlift= +3.01pp z=+1.2 pw=  64 PF=1.045 [L=1.13 S=0.96] exp=  +3.10 [R1= +6.5 R2= -1.3 R3= +4.8]
  N=10 k=0.3 G= 60 counter: n= 212 (L110/S102) WR=43.40% null=45.20%±3.27 INFOlift= -1.80pp z=-0.6 pw= -26 PF=0.813 [L=0.70 S=0.94] exp= -15.39 [R1= -1.2 R2= -3.0 R3= -0.9]
  N=10 k=0.3 G=120 aligned: n= 419 (L225/S194) WR=50.60% null=46.28%±2.29 INFOlift= +4.32pp z=+1.9 pw=  88 PF=1.065 [L=1.03 S=1.10] exp=  +4.55 [R1= -1.3 R2= +5.1 R3= +4.8]
  N=10 k=0.3 G=120 counter: n= 243 (L119/S124) WR=43.62% null=45.64%±2.88 INFOlift= -2.02pp z=-0.7 pw= -31 PF=0.857 [L=0.90 S=0.82] exp= -10.78 [R1= +9.9 R2=-10.1 R3= +0.5]
  N=10 k=0.3 G=180 aligned: n= 397 (L198/S199) WR=48.87% null=45.64%±2.03 INFOlift= +3.23pp z=+1.6 pw=  64 PF=1.066 [L=1.01 S=1.13] exp=  +4.53 [R1= -0.2 R2= +2.2 R3= +4.6]
  N=10 k=0.3 G=180 counter: n= 261 (L146/S115) WR=46.36% null=45.96%±2.72 INFOlift= +0.40pp z=+0.1 pw=   6 PF=0.897 [L=0.87 S=0.93] exp=  -7.68 [R1= +8.9 R2= -5.4 R3= +2.9]
  N=13 k=0.5 G= 60 none   : n= 484 (L242/S242) WR=48.97% null=45.19%±1.84 INFOlift= +3.78pp z=+2.1 pw=  83 PF=0.960 [L=1.01 S=0.92] exp=  -2.90 [R1= +0.3 R2= +2.5 R3= +5.4]
  N=13 k=0.5 G= 60 aligned: n= 377 (L196/S181) WR=49.34% null=45.07%±2.37 INFOlift= +4.26pp z=+1.8 pw=  83 PF=0.963 [L=1.07 S=0.86] exp=  -2.63 [R1= +2.3 R2= +1.4 R3= +6.3]
  N=13 k=0.5 G= 60 counter: n= 122 (L54/S68) WR=45.90% null=45.40%±4.52 INFOlift= +0.50pp z=+0.1 pw=   6 PF=0.784 [L=0.72 S=0.83] exp= -19.07 [R1= -0.4 R2= -1.2 R3= +2.6]
  N=13 k=0.5 G=120 aligned: n= 333 (L168/S165) WR=49.85% null=45.09%±2.85 INFOlift= +4.76pp z=+1.7 pw=  87 PF=0.965 [L=1.02 S=0.91] exp=  -2.57 [R1= -6.4 R2= +5.3 R3= +6.3]
  N=13 k=0.5 G=120 counter: n= 166 (L80/S86) WR=46.39% null=46.10%±3.90 INFOlift= +0.28pp z=+0.1 pw=   4 PF=0.893 [L=1.00 S=0.80] exp=  -8.11 [R1= +7.5 R2= -6.8 R3= +2.7]
  N=13 k=0.5 G=180 aligned: n= 309 (L144/S165) WR=48.22% null=44.59%±2.77 INFOlift= +3.63pp z=+1.3 pw=  64 PF=0.958 [L=1.00 S=0.92] exp=  -3.05 [R1= +0.1 R2= +5.0 R3= +3.6]
  N=13 k=0.5 G=180 counter: n= 184 (L102/S82) WR=51.09% null=47.42%±3.24 INFOlift= +3.66pp z=+1.1 pw=  50 PF=1.019 [L=1.03 S=1.01] exp=  +1.34 [R1= +2.6 R2= -2.5 R3= +8.2]

[S836 explore-1 complete]
