explore bars=54,798 days=2,403 src=/home/user/webapp/data/mt5_full/XAUUSD_H1.csv
  sanity: mean ON=+0.117$ mean ID=+0.005$ ; ac1(ON)=-0.014 ac1(ID)=+0.020 corr(ON,ID)=-0.050
  N= 5 k=0.5 lead=ID conf=1 hold=24: n=  431 WR=50.58% null=47.71%±2.19 INFOlift= +2.87pp z=+1.3 pw=   60 PF=1.074 exp=  +3.82 [R1= -1.0 R2= +8.0 R3= +1.3]
  N= 5 k=0.5 lead=ID conf=1 hold=72: n=  332 WR=50.00% null=45.69%±2.06 INFOlift= +4.31pp z=+2.1 pw=   79 PF=1.114 exp=  +8.90 [R1= -6.6 R2= +8.8 R3= +5.8]
  N= 5 k=0.5 lead=ID conf=0 hold=24: n=  750 WR=47.60% null=47.85%±1.73 INFOlift= -0.25pp z=-0.1 pw=   -7 PF=0.907 exp=  -4.91 [R1= -0.4 R2= -0.6 R3= +0.1]
  N= 5 k=0.5 lead=ID conf=0 hold=72: n=  543 WR=47.15% null=45.82%±2.16 INFOlift= +1.33pp z=+0.6 pw=   31 PF=1.029 exp=  +2.24 [R1= -4.4 R2= +3.9 R3= +2.1]
  N= 5 k=1.0 lead=ID conf=1 hold=24: n=  166 WR=51.20% null=46.82%±3.25 INFOlift= +4.38pp z=+1.4 pw=   56 PF=1.305 exp= +14.82 [R1=+12.0 R2= -6.0 R3= +7.4]
  N= 5 k=1.0 lead=ID conf=1 hold=72: n=  141 WR=48.94% null=43.75%±3.81 INFOlift= +5.19pp z=+1.4 pw=   62 PF=1.109 exp=  +8.94 [R1= -1.4 R2= +6.3 R3= +6.9]
  N= 5 k=1.0 lead=ID conf=0 hold=24: n=  286 WR=50.35% null=47.54%±3.20 INFOlift= +2.81pp z=+0.9 pw=   48 PF=1.144 exp=  +7.23 [R1= +5.5 R2= -3.6 R3= +5.4]
  N= 5 k=1.0 lead=ID conf=0 hold=72: n=  232 WR=47.84% null=44.90%±2.63 INFOlift= +2.94pp z=+1.1 pw=   45 PF=1.072 exp=  +5.55 [R1= -4.1 R2= +5.8 R3= +4.2]
  N= 5 k=1.5 lead=ID conf=0 hold=24: n=   88 WR=54.55% null=46.15%±5.15 INFOlift= +8.39pp z=+1.6 pw=   79 PF=1.087 exp=  +4.67 [R1= +nan R2= -1.7 R3=+15.8]
  N= 5 k=1.5 lead=ID conf=0 hold=72: n=   81 WR=46.91% null=44.15%±5.42 INFOlift= +2.76pp z=+0.5 pw=   25 PF=0.942 exp=  -4.91 [R1= +nan R2= +1.7 R3= +9.0]
  N=10 k=0.5 lead=ID conf=1 hold=24: n=  433 WR=51.27% null=47.14%±2.11 INFOlift= +4.13pp z=+2.0 pw=   86 PF=1.119 exp=  +5.93 [R1= +6.9 R2= -0.3 R3= +6.6]
  N=10 k=0.5 lead=ID conf=1 hold=72: n=  324 WR=47.84% null=44.72%±2.83 INFOlift= +3.12pp z=+1.1 pw=   56 PF=1.063 exp=  +4.92 [R1= +3.1 R2= -0.3 R3= +5.6]
  N=10 k=0.5 lead=ID conf=0 hold=24: n=  765 WR=50.20% null=48.05%±1.75 INFOlift= +2.15pp z=+1.2 pw=   59 PF=1.095 exp=  +4.50 [R1= +5.9 R2= -3.8 R3= +4.7]
  N=10 k=0.5 lead=ID conf=0 hold=72: n=  539 WR=50.46% null=45.54%±2.17 INFOlift= +4.93pp z=+2.3 pw=  114 PF=1.176 exp= +12.62 [R1= +7.9 R2= +5.0 R3= +3.7]
  N=10 k=1.0 lead=ID conf=1 hold=24: n=  170 WR=50.59% null=46.63%±4.31 INFOlift= +3.96pp z=+0.9 pw=   52 PF=1.001 exp=  +0.04 [R1=+12.0 R2= +0.1 R3= +4.0]
  N=10 k=1.0 lead=ID conf=1 hold=72: n=  134 WR=44.78% null=43.26%±4.13 INFOlift= +1.51pp z=+0.4 pw=   17 PF=0.877 exp= -10.76 [R1= -1.2 R2= -6.5 R3= +8.3]
  N=10 k=1.0 lead=ID conf=0 hold=24: n=  298 WR=51.34% null=47.00%±2.65 INFOlift= +4.34pp z=+1.6 pw=   75 PF=1.154 exp=  +7.42 [R1= +9.7 R2= +3.5 R3= +2.2]
  N=10 k=1.0 lead=ID conf=0 hold=72: n=  222 WR=47.75% null=44.27%±3.08 INFOlift= +3.48pp z=+1.1 pw=   52 PF=1.046 exp=  +3.51 [R1= +5.7 R2= -1.2 R3= +5.7]
  N=10 k=1.5 lead=ID conf=0 hold=24: n=   94 WR=53.19% null=46.10%±4.91 INFOlift= +7.09pp z=+1.4 pw=   69 PF=1.106 exp=  +5.82 [R1=+20.6 R2= -3.2 R3=+10.7]
  N=20 k=0.5 lead=ID conf=1 hold=24: n=  434 WR=46.77% null=47.77%±2.57 INFOlift= -0.99pp z=-0.4 pw=  -21 PF=0.882 exp=  -6.55 [R1= -3.9 R2= -3.0 R3= +2.2]
  N=20 k=0.5 lead=ID conf=1 hold=72: n=  305 WR=44.59% null=44.72%±2.77 INFOlift= -0.13pp z=-0.0 pw=   -2 PF=0.889 exp=  -9.38 [R1= -0.7 R2= +0.9 R3= -0.7]
  N=20 k=0.5 lead=ID conf=0 hold=24: n=  770 WR=46.49% null=47.86%±1.73 INFOlift= -1.37pp z=-0.8 pw=  -38 PF=0.905 exp=  -5.18 [R1= -0.5 R2= -6.3 R3= +1.6]
  N=20 k=0.5 lead=ID conf=0 hold=72: n=  539 WR=45.27% null=46.12%±2.28 INFOlift= -0.85pp z=-0.4 pw=  -20 PF=0.923 exp=  -6.38 [R1= -0.0 R2= -2.4 R3= -0.2]
  N=20 k=1.0 lead=ID conf=1 hold=24: n=  175 WR=48.00% null=47.56%±3.56 INFOlift= +0.44pp z=+0.1 pw=    6 PF=0.807 exp= -10.81 [R1= +7.4 R2= -4.3 R3= +2.4]
  N=20 k=1.0 lead=ID conf=1 hold=72: n=  131 WR=49.62% null=44.85%±4.10 INFOlift= +4.77pp z=+1.2 pw=   55 PF=0.908 exp=  -7.45 [R1= +nan R2= +5.2 R3= +7.4]
  N=20 k=1.0 lead=ID conf=0 hold=24: n=  300 WR=47.00% null=47.97%±2.68 INFOlift= -0.97pp z=-0.4 pw=  -17 PF=0.863 exp=  -7.68 [R1= +3.6 R2= -4.5 R3= -0.5]
  N=20 k=1.0 lead=ID conf=0 hold=72: n=  224 WR=49.11% null=44.72%±2.73 INFOlift= +4.39pp z=+1.6 pw=   66 PF=1.002 exp=  +0.19 [R1= -0.5 R2= +5.3 R3= +5.7]
  N=20 k=1.5 lead=ID conf=0 hold=24: n=   81 WR=50.62% null=46.73%±4.70 INFOlift= +3.89pp z=+0.8 pw=   35 PF=0.934 exp=  -4.21 [R1= +8.8 R2= -2.7 R3= +5.9]

[S835 explore-1 complete]
