
################ TF=H1 explore bars=54,798 src=/home/user/webapp/data/mt5_full/XAUUSD_H1.csv | R1=11932 R2=17545 R3=25321 ################
  DNR  k=2.000 follow: n=2,471 WR=46.50% null=45.19%±0.91 INFOlift= +1.31pp z=+1.4 pw=   65 PF=0.998 exp= -0.09 [R1= +1.8 R2= -0.4 R3= +2.5]
  DNR  k=2.000 fade  : n=2,532 WR=44.12% null=45.19%±0.91 INFOlift= -1.07pp z=-1.2 pw=  -54 PF=0.876 exp= -5.39 [R1= -3.4 R2= +1.4 R3= -2.1]
  DNR  k=2.618 follow: n=1,512 WR=45.83% null=44.57%±1.25 INFOlift= +1.26pp z=+1.0 pw=   49 PF=1.018 exp= +0.80 [R1= +5.4 R2= +0.6 R3= +0.1]
  DNR  k=2.618 fade  : n=1,565 WR=42.04% null=44.57%±1.25 INFOlift= -2.53pp z=-2.0 pw= -100 PF=0.806 exp= -9.61 [R1= -8.9 R2= +0.5 R3= -2.5]
  DNR  k=3.500 follow: n=  838 WR=47.14% null=44.98%±1.51 INFOlift= +2.16pp z=+1.4 pw=   62 PF=1.079 exp= +3.93 [R1= +8.8 R2= +0.9 R3= +0.4]
  DNR  k=3.500 fade  : n=  848 WR=42.45% null=44.98%±1.51 INFOlift= -2.53pp z=-1.7 pw=  -74 PF=0.869 exp= -7.07 [R1= -8.0 R2= -0.5 R3= -2.1]
  ATRn k=2.000 follow: n=2,769 WR=45.18% null=44.44%±0.83 INFOlift= +0.73pp z=+0.9 pw=   39 PF=0.987 exp= -0.49 [R1= +3.1 R2= -1.4 R3= +1.4]
  ATRn k=2.000 fade  : n=2,830 WR=43.57% null=44.44%±0.83 INFOlift= -0.87pp z=-1.1 pw=  -47 PF=0.833 exp= -6.56 [R1= -3.0 R2= +3.0 R3= -3.0]
  ATRn k=2.618 follow: n=1,594 WR=46.68% null=44.94%±1.03 INFOlift= +1.73pp z=+1.7 pw=   69 PF=1.065 exp= +2.36 [R1= +1.3 R2= +0.4 R3= +3.3]
  ATRn k=2.618 fade  : n=1,605 WR=42.99% null=44.94%±1.03 INFOlift= -1.95pp z=-1.9 pw=  -78 PF=0.794 exp= -8.36 [R1= -3.1 R2= +2.5 R3= -5.7]
  ATRn k=3.500 follow: n=  679 WR=49.19% null=45.01%±1.87 INFOlift= +4.18pp z=+2.2 pw=  109 PF=1.126 exp= +4.50 [R1= +2.5 R2= +3.1 R3= +6.4] <<<
  ATRn k=3.500 fade  : n=  679 WR=40.80% null=45.01%±1.87 INFOlift= -4.22pp z=-2.3 pw= -110 PF=0.740 exp=-11.05 [R1= -4.7 R2= -1.3 R3= -7.5]

################ TF=H2 explore bars=28,573 src=/home/user/webapp/data/mt5_full/XAUUSD_H2.csv | R1=6056 R2=9135 R3=13382 ################
  DNR  k=2.000 follow: n=1,303 WR=45.51% null=44.72%±1.26 INFOlift= +0.79pp z=+0.6 pw=   28 PF=1.001 exp= +0.07 [R1= +3.0 R2= -3.5 R3= +3.5]
  DNR  k=2.000 fade  : n=1,324 WR=44.64% null=44.72%±1.26 INFOlift= -0.09pp z=-0.1 pw=   -3 PF=0.918 exp= -4.86 [R1= -3.3 R2= +5.3 R3= -3.2]
  DNR  k=2.618 follow: n=  813 WR=45.88% null=44.92%±1.60 INFOlift= +0.96pp z=+0.6 pw=   27 PF=1.036 exp= +2.26 [R1= +6.8 R2= -1.5 R3= +0.8]
  DNR  k=2.618 fade  : n=  815 WR=43.93% null=44.92%±1.60 INFOlift= -0.99pp z=-0.6 pw=  -28 PF=0.915 exp= -5.52 [R1= -4.5 R2= +2.7 R3= -2.8]
  DNR  k=3.500 follow: n=  401 WR=46.63% null=44.88%±2.31 INFOlift= +1.76pp z=+0.8 pw=   35 PF=1.067 exp= +4.81 [R1=+11.7 R2= -1.7 R3= +0.5]
  DNR  k=3.500 fade  : n=  399 WR=42.61% null=44.88%±2.31 INFOlift= -2.27pp z=-1.0 pw=  -45 PF=0.807 exp=-15.05 [R1=-15.1 R2= +3.8 R3= -2.0]
  ATRn k=2.000 follow: n=1,447 WR=45.40% null=45.29%±1.24 INFOlift= +0.12pp z=+0.1 pw=    4 PF=0.942 exp= -3.07 [R1= -0.6 R2= -2.4 R3= +2.6]
  ATRn k=2.000 fade  : n=1,505 WR=44.58% null=45.29%±1.24 INFOlift= -0.70pp z=-0.6 pw=  -27 PF=0.907 exp= -4.98 [R1= -1.2 R2= +3.5 R3= -4.0]
  ATRn k=2.618 follow: n=  847 WR=45.69% null=45.24%±1.86 INFOlift= +0.45pp z=+0.2 pw=   13 PF=0.935 exp= -3.49 [R1= -2.6 R2= -1.7 R3= +3.9]
  ATRn k=2.618 fade  : n=  848 WR=44.93% null=45.24%±1.86 INFOlift= -0.31pp z=-0.2 pw=   -9 PF=0.975 exp= -1.30 [R1= +2.8 R2= +3.6 R3= -5.6]
  ATRn k=3.500 follow: n=  343 WR=48.40% null=44.71%±2.54 INFOlift= +3.69pp z=+1.5 pw=   68 PF=1.126 exp= +6.52 [R1= +6.6 R2= -0.7 R3= +6.9]
  ATRn k=3.500 fade  : n=  344 WR=41.28% null=44.71%±2.54 INFOlift= -3.43pp z=-1.4 pw=  -64 PF=0.808 exp=-11.35 [R1= -4.2 R2= +4.2 R3=-11.6]

################ TF=H3 explore bars=19,083 src=/home/user/webapp/data/mt5_full/XAUUSD_H3.csv | R1=4044 R2=6099 R3=8940 ################
  DNR  k=2.000 follow: n=  894 WR=45.08% null=46.12%±1.83 INFOlift= -1.04pp z=-0.6 pw=  -31 PF=0.942 exp= -4.25 [R1= +0.4 R2= -0.1 R3= -2.4]
  DNR  k=2.000 fade  : n=  921 WR=45.28% null=46.12%±1.83 INFOlift= -0.84pp z=-0.5 pw=  -25 PF=1.000 exp= -0.03 [R1= -2.3 R2= -3.5 R3= +1.9]
  DNR  k=2.618 follow: n=  540 WR=45.93% null=45.89%±1.93 INFOlift= +0.04pp z=+0.0 pw=    1 PF=0.967 exp= -2.62 [R1= +3.6 R2= +0.0 R3= -1.4]
  DNR  k=2.618 fade  : n=  546 WR=44.87% null=45.89%±1.93 INFOlift= -1.02pp z=-0.5 pw=  -24 PF=0.996 exp= -0.32 [R1= -9.4 R2= -0.1 R3= +1.6]
  DNR  k=3.500 follow: n=  274 WR=45.62% null=45.96%±2.76 INFOlift= -0.34pp z=-0.1 pw=   -6 PF=0.945 exp= -5.01 [R1= +4.0 R2= -0.1 R3= -2.6]
  DNR  k=3.500 fade  : n=  273 WR=43.59% null=45.96%±2.76 INFOlift= -2.37pp z=-0.9 pw=  -39 PF=0.997 exp= -0.31 [R1= -9.6 R2= -1.1 R3= -0.1]
  ATRn k=2.000 follow: n=  978 WR=45.50% null=46.01%±1.71 INFOlift= -0.51pp z=-0.3 pw=  -16 PF=0.953 exp= -3.07 [R1= +2.9 R2= -2.5 R3= -0.4]
  ATRn k=2.000 fade  : n=  985 WR=45.99% null=46.01%±1.71 INFOlift= -0.02pp z=-0.0 pw=   -1 PF=0.993 exp= -0.46 [R1= -0.3 R2= +0.3 R3= -0.2]
  ATRn k=2.618 follow: n=  549 WR=48.27% null=46.30%±1.90 INFOlift= +1.97pp z=+1.0 pw=   46 PF=1.076 exp= +4.86 [R1= +9.9 R2= +2.5 R3= -2.0]
  ATRn k=2.618 fade  : n=  553 WR=44.67% null=46.30%±1.90 INFOlift= -1.64pp z=-0.9 pw=  -39 PF=0.932 exp= -4.62 [R1=-10.7 R2= -1.4 R3= +2.2]
  ATRn k=3.500 follow: n=  231 WR=49.35% null=45.97%±2.99 INFOlift= +3.39pp z=+1.1 pw=   51 PF=1.053 exp= +3.53 [R1=+12.0 R2= -0.6 R3= +2.5]
  ATRn k=3.500 fade  : n=  233 WR=42.92% null=45.97%±2.99 INFOlift= -3.05pp z=-1.0 pw=  -47 PF=0.900 exp= -7.24 [R1= -8.0 R2= -2.3 R3= -1.2]

[S834 explore-1 complete]
