explore bars=54,798  src=/home/user/webapp/data/mt5_full/XAUUSD_H1.csv

===== W=13 th=0.6 cont (L=876 S=836) =====
  RR=1.3 hold=13: n=1,340 WR=48.66% null=45.50%±1.36 INFOlift= +3.16pp z=+2.3 pw=  116 PF=1.127 [E1=1.174 E2=1.069]
  RR=1.3 hold=34: n=1,308 WR=46.94% null=43.60%±1.57 INFOlift= +3.34pp z=+2.1 pw=  121 PF=1.053 [E1=1.075 E2=1.025]
  RR=1.3 hold=55: n=1,289 WR=46.24% null=42.43%±1.29 INFOlift= +3.81pp z=+3.0 pw=  137 PF=1.046 [E1=1.067 E2=1.019]
  RR=2.0 hold=13: n=1,279 WR=45.58% null=42.92%±1.33 INFOlift= +2.66pp z=+2.0 pw=   95 PF=1.116 [E1=1.150 E2=1.075]
  RR=2.0 hold=34: n=1,209 WR=39.62% null=37.06%±1.27 INFOlift= +2.56pp z=+2.0 pw=   89 PF=1.065 [E1=1.069 E2=1.059]
  RR=2.0 hold=55: n=1,180 WR=36.44% null=33.44%±1.24 INFOlift= +3.00pp z=+2.4 pw=  103 PF=1.010 [E1=1.044 E2=0.968]
  RR=3.4 hold=13: n=1,237 WR=44.70% null=42.57%±1.38 INFOlift= +2.14pp z=+1.5 pw=   75 PF=1.124 [E1=1.185 E2=1.049]
  RR=3.4 hold=34: n=1,102 WR=36.39% null=34.19%±1.38 INFOlift= +2.20pp z=+1.6 pw=   73 PF=1.062 [E1=1.099 E2=1.013]
  RR=3.4 hold=55: n=1,026 WR=30.80% null=29.39%±1.49 INFOlift= +1.41pp z=+0.9 pw=   45 PF=1.008 [E1=1.057 E2=0.942]

===== W=21 th=0.7 cont (L=109 S=85) =====
  RR=1.3 hold=13: n=  163 WR=51.53% null=45.67%±3.82 INFOlift= +5.86pp z=+1.5 pw=   75 PF=1.309 [E1=1.155 E2=1.544]
  RR=1.3 hold=34: n=  162 WR=51.85% null=43.81%±3.20 INFOlift= +8.05pp z=+2.5 pw=  102 PF=1.293 [E1=1.237 E2=1.376] <<<
  RR=1.3 hold=55: n=  161 WR=50.93% null=41.80%±3.49 INFOlift= +9.14pp z=+2.6 pw=  116 PF=1.227 [E1=1.181 E2=1.294] <<<
  RR=2.0 hold=13: n=  158 WR=46.84% null=41.52%±3.42 INFOlift= +5.32pp z=+1.6 pw=   67 PF=1.217 [E1=1.099 E2=1.419]
  RR=2.0 hold=34: n=  157 WR=43.31% null=36.34%±3.74 INFOlift= +6.97pp z=+1.9 pw=   87 PF=1.177 [E1=1.200 E2=1.143]
  RR=2.0 hold=55: n=  156 WR=41.03% null=31.86%±3.12 INFOlift= +9.17pp z=+2.9 pw=  114 PF=1.168 [E1=1.252 E2=1.051] <<<
  RR=3.4 hold=13: n=  154 WR=47.40% null=41.63%±3.69 INFOlift= +5.77pp z=+1.6 pw=   72 PF=1.310 [E1=1.108 E2=1.636]
  RR=3.4 hold=34: n=  153 WR=39.22% null=34.30%±3.70 INFOlift= +4.92pp z=+1.3 pw=   61 PF=1.093 [E1=1.040 E2=1.167]
  RR=3.4 hold=55: n=  150 WR=36.00% null=27.52%±2.94 INFOlift= +8.48pp z=+2.9 pw=  104 PF=1.106 [E1=1.009 E2=1.247]

[S833 explore-3 complete]
