S545 Body-Acceleration | R=3 k=0 frozen | side=long | geometry: sl=1.5xATR(100) rr=1.5 | data=full 15.6y | k=2000 seed=20260823 n_trials=66
--- XAUUSD_M15 ---
  [DATA] data/full/XAUUSD_M15.csv rows=363778 2011-01-03 → 2026-08-07 (15.59y)
XAUUSD_M15: span=15.59y n=5293 sl=28.59pip wr=38.22 be=44.62 lift=-6.4 unc=39.35 pmax=41.05 z=-1.68 rqs2=0.0 verdict=REJECT
  saved -> results/_s545/XAUUSD_M15.json
--- XAUUSD_M20 ---
  [DATA] data/full/XAUUSD_M20.csv rows=272979 2011-01-03 → 2026-08-07 (15.59y)
XAUUSD_M20: span=15.59y n=4105 sl=33.31pip wr=37.93 be=43.96 lift=-6.03 unc=39.39 pmax=41.43 z=-1.92 rqs2=0.7 verdict=REJECT
  saved -> results/_s545/XAUUSD_M20.json
--- XAUUSD_M30 ---
  [DATA] data/full/XAUUSD_M30.csv rows=182145 2011-01-03 → 2026-08-07 (15.59y)
XAUUSD_M30: span=15.59y n=2751 sl=41.37pip wr=38.02 be=43.19 lift=-5.17 unc=39.01 pmax=41.76 z=-1.23 rqs2=0.7 verdict=REJECT
  saved -> results/_s545/XAUUSD_M30.json
--- XAUUSD_H1 ---
  [DATA] data/full/XAUUSD_H1.csv rows=91331 2011-01-03 → 2026-08-07 (15.59y)
XAUUSD_H1: span=15.59y n=1450 sl=59.74pip wr=38.14 be=42.21 lift=-4.07 unc=39.05 pmax=42.81 z=-0.9 rqs2=0.7 verdict=REJECT
  saved -> results/_s545/XAUUSD_H1.json
--- XAUUSD_H2 ---
  [DATA] data/full/XAUUSD_H2.csv rows=47623 2011-01-03 → 2026-08-07 (15.59y)
XAUUSD_H2: span=15.59y n=765 sl=84.56pip wr=39.22 be=41.56 lift=-2.35 unc=40.08 pmax=45.09 z=-0.63 rqs2=3.1 verdict=REJECT
  saved -> results/_s545/XAUUSD_H2.json
--- XAUUSD_H3 ---
  [DATA] data/full/XAUUSD_H3.csv rows=31806 2011-01-03 → 2026-08-07 (15.59y)
XAUUSD_H3: span=15.59y n=558 sl=104.16pip wr=41.22 be=41.27 lift=-0.05 unc=40.12 pmax=47.81 z=0.17 rqs2=4.6 verdict=REJECT
  saved -> results/_s545/XAUUSD_H3.json
--- XAUUSD_H4 ---
  [DATA] data/XAUUSD_H4.csv rows=23755 2011-01-03 → 2026-07-16 (15.53y)
XAUUSD_H4: span=15.53y n=405 sl=122.85pip wr=45.68 be=41.07 lift=4.6 unc=40.54 pmax=47.14 z=1.84 rqs2=19.4 verdict=REJECT
  saved -> results/_s545/XAUUSD_H4.json
--- XAUUSD_H6 ---
  [DATA] data/full/XAUUSD_H6.csv rows=15966 2011-01-03 → 2026-08-07 (15.59y)
XAUUSD_H6: span=15.59y n=274 sl=152.1pip wr=47.45 be=40.87 lift=6.58 unc=41.06 pmax=50.34 z=1.85 rqs2=19.1 verdict=REJECT
  saved -> results/_s545/XAUUSD_H6.json
--- XAUUSD_H8 ---
  [DATA] data/full/XAUUSD_H8.csv rows=11978 2011-01-03 → 2026-08-07 (15.59y)
XAUUSD_H8: span=15.59y n=217 sl=179.67pip wr=47.93 be=40.73 lift=7.19 unc=42.12 pmax=52.48 z=1.62 rqs2=22.1 verdict=REJECT
  saved -> results/_s545/XAUUSD_H8.json
--- XAUUSD_H12 ---
  [DATA] data/full/XAUUSD_H12.csv rows=7998 2011-01-03 → 2026-08-07 (15.59y)
XAUUSD_H12: span=15.59y n=138 sl=228.09pip wr=49.28 be=40.58 lift=8.7 unc=42.69 pmax=56.25 z=1.56 rqs2=22.1 verdict=REJECT
  saved -> results/_s545/XAUUSD_H12.json
--- XAUUSD_D1 ---
  [DATA] data/full/XAUUSD_D1.csv rows=4005 2011-01-03 → 2026-08-07 (15.59y)
XAUUSD_D1: span=15.59y n=65 sl=348.59pip wr=40.0 be=40.38 lift=-0.38 unc=45.78 pmax=60.94 z=-0.94 rqs2=3.6 verdict=REJECT
  saved -> results/_s545/XAUUSD_D1.json
--- XAUUSD_W1 [REPORT-ONLY] ---
  [DATA] data/full/XAUUSD_W1.csv rows=813 2011-01-02 → 2026-08-02 (15.58y)
XAUUSD_W1: span=15.58y n=20 sl=784.31pip wr=None be=None lift=None unc=None pmax=None z=None rqs2=None verdict=TOO_FEW_TRADES [REPORT-ONLY]
  saved -> results/_s545/XAUUSD_W1.json
