S544 Up-Streak Continuation | N=4 frozen | side=long | geometry: sl=1.5xATR(100) rr=1.5 | data=full 15.6y | k=2000 seed=20260822 n_trials=44
--- XAUUSD_M15 ---
  [DATA] data/full/XAUUSD_M15.csv rows=363778 2011-01-03 → 2026-08-07 (15.59y)
XAUUSD_M15: span=15.59y n=8345 sl=28.59pip wr=38.35 be=44.62 lift=-6.27 unc=39.35 pmax=40.72 z=-1.88 rqs2=0.0 verdict=REJECT
  saved -> results/_s544/XAUUSD_M15.json
--- XAUUSD_M20 ---
  [DATA] data/full/XAUUSD_M20.csv rows=272979 2011-01-03 → 2026-08-07 (15.59y)
XAUUSD_M20: span=15.59y n=6399 sl=33.31pip wr=39.08 be=43.96 lift=-4.88 unc=39.39 pmax=40.98 z=-0.51 rqs2=0.7 verdict=REJECT
  saved -> results/_s544/XAUUSD_M20.json
--- XAUUSD_M30 ---
  [DATA] data/full/XAUUSD_M30.csv rows=182145 2011-01-03 → 2026-08-07 (15.59y)
XAUUSD_M30: span=15.59y n=4281 sl=41.37pip wr=39.57 be=43.19 lift=-3.62 unc=39.01 pmax=41.47 z=0.51 rqs2=2.4 verdict=REJECT
  saved -> results/_s544/XAUUSD_M30.json
--- XAUUSD_H1 ---
  [DATA] data/full/XAUUSD_H1.csv rows=91331 2011-01-03 → 2026-08-07 (15.59y)
XAUUSD_H1: span=15.59y n=2251 sl=59.74pip wr=39.85 be=42.21 lift=-2.36 unc=39.05 pmax=43.36 z=0.55 rqs2=3.0 verdict=REJECT
  saved -> results/_s544/XAUUSD_H1.json
--- XAUUSD_H2 ---
  [DATA] data/full/XAUUSD_H2.csv rows=47623 2011-01-03 → 2026-08-07 (15.59y)
XAUUSD_H2: span=15.59y n=1210 sl=84.56pip wr=41.82 be=41.56 lift=0.26 unc=40.08 pmax=44.74 z=1.1 rqs2=10.4 verdict=REJECT
  saved -> results/_s544/XAUUSD_H2.json
--- XAUUSD_H3 ---
  [DATA] data/full/XAUUSD_H3.csv rows=31806 2011-01-03 → 2026-08-07 (15.59y)
XAUUSD_H3: span=15.59y n=885 sl=104.16pip wr=40.11 be=41.27 lift=-1.15 unc=40.12 pmax=45.61 z=-0.4 rqs2=5.8 verdict=REJECT
  saved -> results/_s544/XAUUSD_H3.json
--- XAUUSD_H4 ---
  [DATA] data/XAUUSD_H4.csv rows=23755 2011-01-03 → 2026-07-16 (15.53y)
XAUUSD_H4: span=15.53y n=629 sl=122.85pip wr=44.83 be=41.07 lift=3.76 unc=40.54 pmax=47.26 z=1.88 rqs2=20.2 verdict=REJECT
  saved -> results/_s544/XAUUSD_H4.json
--- XAUUSD_H6 ---
  [DATA] data/full/XAUUSD_H6.csv rows=15966 2011-01-03 → 2026-08-07 (15.59y)
XAUUSD_H6: span=15.59y n=426 sl=152.1pip wr=44.6 be=40.87 lift=3.73 unc=41.06 pmax=48.65 z=1.17 rqs2=16.8 verdict=REJECT
  saved -> results/_s544/XAUUSD_H6.json
--- XAUUSD_H8 ---
  [DATA] data/full/XAUUSD_H8.csv rows=11978 2011-01-03 → 2026-08-07 (15.59y)
XAUUSD_H8: span=15.59y n=308 sl=179.67pip wr=48.38 be=40.73 lift=7.64 unc=42.12 pmax=50.35 z=2.2 rqs2=22.4 verdict=REJECT
  saved -> results/_s544/XAUUSD_H8.json
--- XAUUSD_H12 ---
  [DATA] data/full/XAUUSD_H12.csv rows=7998 2011-01-03 → 2026-08-07 (15.59y)
XAUUSD_H12: span=15.59y n=212 sl=228.09pip wr=45.28 be=40.58 lift=4.7 unc=42.69 pmax=55.03 z=0.76 rqs2=18.9 verdict=REJECT
  saved -> results/_s544/XAUUSD_H12.json
--- XAUUSD_D1 ---
  [DATA] data/full/XAUUSD_D1.csv rows=4005 2011-01-03 → 2026-08-07 (15.59y)
XAUUSD_D1: span=15.59y n=109 sl=348.59pip wr=41.28 be=40.38 lift=0.91 unc=45.78 pmax=59.0 z=-0.94 rqs2=11.4 verdict=REJECT
  saved -> results/_s544/XAUUSD_D1.json
--- XAUUSD_W1 [REPORT-ONLY] ---
  [DATA] data/full/XAUUSD_W1.csv rows=813 2011-01-02 → 2026-08-02 (15.58y)
XAUUSD_W1: span=15.58y n=26 sl=784.31pip wr=None be=None lift=None unc=None pmax=None z=None rqs2=None verdict=TOO_FEW_TRADES [REPORT-ONLY]
  saved -> results/_s544/XAUUSD_W1.json
