S548 Gold OPEX Release | 216 release days 2010-2027 | side=long | geometry: sl=1.5xATR(100) rr=1.5 | data=full 15.6y (mt5_full) | k=2000 seed=20260826 n_trials=36
--- XAUUSD_M15 ---
  [DATA] data/full/XAUUSD_M15.csv rows=363778 2011-01-03 → 2026-08-07 (15.59y)
XAUUSD_M15: span=15.59y n=187 sl=28.59pip wr=47.59 be=44.62 lift=2.98 unc=39.35 pmax=51.34 z=2.3 rqs2=16.7 verdict=REJECT
  saved -> results/_s548/XAUUSD_M15.json
--- XAUUSD_M20 ---
  [DATA] data/full/XAUUSD_M20.csv rows=272979 2011-01-03 → 2026-08-07 (15.59y)
XAUUSD_M20: span=15.59y n=187 sl=33.31pip wr=48.13 be=43.96 lift=4.17 unc=39.39 pmax=51.35 z=2.44 rqs2=19.4 verdict=REJECT
  saved -> results/_s548/XAUUSD_M20.json
--- XAUUSD_M30 ---
  [DATA] data/full/XAUUSD_M30.csv rows=182145 2011-01-03 → 2026-08-07 (15.59y)
XAUUSD_M30: span=15.59y n=187 sl=41.37pip wr=46.52 be=43.19 lift=3.33 unc=39.01 pmax=52.43 z=2.03 rqs2=15.3 verdict=REJECT
  saved -> results/_s548/XAUUSD_M30.json
--- XAUUSD_H1 ---
  [DATA] data/full/XAUUSD_H1.csv rows=91331 2011-01-03 → 2026-08-07 (15.59y)
XAUUSD_H1: span=15.59y n=187 sl=59.74pip wr=38.5 be=42.21 lift=-3.71 unc=39.05 pmax=55.06 z=-0.2 rqs2=3.2 verdict=REJECT
  saved -> results/_s548/XAUUSD_H1.json
--- XAUUSD_H2 ---
  [DATA] data/full/XAUUSD_H2.csv rows=47623 2011-01-03 → 2026-08-07 (15.59y)
XAUUSD_H2: span=15.59y n=187 sl=84.56pip wr=42.25 be=41.56 lift=0.68 unc=40.08 pmax=51.4 z=0.45 rqs2=11.0 verdict=REJECT
  saved -> results/_s548/XAUUSD_H2.json
--- XAUUSD_H3 ---
  [DATA] data/full/XAUUSD_H3.csv rows=31806 2011-01-03 → 2026-08-07 (15.59y)
XAUUSD_H3: span=15.59y n=187 sl=104.16pip wr=39.04 be=41.27 lift=-2.23 unc=40.12 pmax=54.8 z=-0.56 rqs2=4.6 verdict=REJECT
  saved -> results/_s548/XAUUSD_H3.json
--- XAUUSD_H4 ---
  [DATA] data/full/XAUUSD_H4.csv rows=23854 2011-01-03 → 2026-08-07 (15.59y)
XAUUSD_H4: span=15.59y n=187 sl=123.01pip wr=41.71 be=41.07 lift=0.64 unc=40.58 pmax=55.09 z=0.09 rqs2=11.4 verdict=REJECT
  saved -> results/_s548/XAUUSD_H4.json
--- XAUUSD_H6 ---
  [DATA] data/full/XAUUSD_H6.csv rows=15966 2011-01-03 → 2026-08-07 (15.59y)
XAUUSD_H6: span=15.59y n=185 sl=152.1pip wr=42.7 be=40.87 lift=1.83 unc=41.06 pmax=53.7 z=0.18 rqs2=11.1 verdict=REJECT
  saved -> results/_s548/XAUUSD_H6.json
--- XAUUSD_H8 ---
  [DATA] data/full/XAUUSD_H8.csv rows=11978 2011-01-03 → 2026-08-07 (15.59y)
XAUUSD_H8: span=15.59y n=185 sl=179.67pip wr=43.24 be=40.73 lift=2.51 unc=42.12 pmax=53.42 z=0.25 rqs2=13.6 verdict=REJECT
  saved -> results/_s548/XAUUSD_H8.json
--- XAUUSD_H12 ---
  [DATA] data/full/XAUUSD_H12.csv rows=7998 2011-01-03 → 2026-08-07 (15.59y)
XAUUSD_H12: span=15.59y n=178 sl=228.09pip wr=42.13 be=40.58 lift=1.56 unc=42.69 pmax=54.05 z=-0.15 rqs2=12.6 verdict=REJECT
  saved -> results/_s548/XAUUSD_H12.json
--- XAUUSD_D1 ---
  [DATA] data/full/XAUUSD_D1.csv rows=4005 2011-01-03 → 2026-08-07 (15.59y)
XAUUSD_D1: span=15.59y n=157 sl=348.59pip wr=39.49 be=40.38 lift=-0.89 unc=45.78 pmax=56.2 z=-1.58 rqs2=5.5 verdict=REJECT
  saved -> results/_s548/XAUUSD_D1.json
--- XAUUSD_W1 [REPORT-ONLY] ---
  [DATA] data/full/XAUUSD_W1.csv rows=813 2011-01-02 → 2026-08-02 (15.58y)
XAUUSD_W1: span=15.58y n=71 sl=784.31pip wr=49.3 be=40.17 lift=9.13 unc=50.91 pmax=68.18 z=-0.88 rqs2=19.5 verdict=REJECT [REPORT-ONLY]
  saved -> results/_s548/XAUUSD_W1.json
