=== S347 ENSEMBLE :: XAUUSD-M15 (bars=150,000) ===
    18 signal streams · vote ceiling 18 · K grid (2, 3, 5, 8, 13)
    ensemble hold = 8 (median of (5, 8, 13)), RR = 1.0 frozen
    votes: bars with >=1 vote = 84,809  max_long=18 max_short=18
    filter gate keeps 72.36% of bars  thr={'cg_fib_13': -0.005997, 'std_fib_55': 0.725843}
      [A K=2] perm 50/300
      [A K=2] perm 100/300
      [A K=2] perm 150/300
      [A K=2] perm 200/300
      [A K=2] perm 250/300
      [A K=2] perm 300/300
  [A K= 2] n=33267 WR= 48.34% PF=0.810 exp=   -3.86pip | need>56.255% | N1 z=-0.909 N2 z=-1.182 | CD n=9952 exp=-6.695171297212802
      [A K=3] perm 50/300
      [A K=3] perm 100/300
      [A K=3] perm 150/300
      [A K=3] perm 200/300
      [A K=3] perm 250/300
      [A K=3] perm 300/300
  [A K= 3] n=30298 WR= 48.26% PF=0.804 exp=   -4.01pip | need>56.216% | N1 z=-1.157 N2 z=-1.351 | CD n=8673 exp=-7.069622045522547
      [A K=5] perm 50/300
      [A K=5] perm 100/300
      [A K=5] perm 150/300
      [A K=5] perm 200/300
      [A K=5] perm 250/300
      [A K=5] perm 300/300
  [A K= 5] n=26954 WR= 48.29% PF=0.805 exp=   -4.04pip | need>56.168% | N1 z=-0.997 N2 z=-1.247 | CD n=7397 exp=-7.35127405533295
      [A K=8] perm 50/300
      [A K=8] perm 100/300
      [A K=8] perm 150/300
      [A K=8] perm 200/300
      [A K=8] perm 250/300
      [A K=8] perm 300/300
  [A K= 8] n=23342 WR= 48.38% PF=0.804 exp=   -4.09pip | need>56.138% | N1 z=-0.657 N2 z=-0.885 | CD n=6240 exp=-7.963105275474152
      [A K=13] perm 50/300
      [A K=13] perm 100/300
      [A K=13] perm 150/300
      [A K=13] perm 200/300
      [A K=13] perm 250/300
      [A K=13] perm 300/300
  [A K=13] n=16179 WR= 48.41% PF=0.803 exp=   -4.23pip | need>55.951% | N1 z=-0.308 N2 z=-0.58 | CD n=3855 exp=-8.374058994942503
      [B K=2] perm 50/300
      [B K=2] perm 100/300
      [B K=2] perm 150/300
      [B K=2] perm 200/300
      [B K=2] perm 250/300
      [B K=2] perm 300/300
  [B K= 2] n=22105 WR= 48.19% PF=0.783 exp=   -3.81pip | need>57.152% | N1 z=-1.102 N2 z=-1.912 | CD n=7945 exp=-5.620153675824661
      [B K=3] perm 50/300
      [B K=3] perm 100/300
      [B K=3] perm 150/300
      [B K=3] perm 200/300
      [B K=3] perm 250/300
      [B K=3] perm 300/300
  [B K= 3] n=19617 WR= 48.03% PF=0.771 exp=   -4.04pip | need>57.172% | N1 z=-1.594 N2 z=-2.489 | CD n=6881 exp=-5.793984090214395
      [B K=5] perm 50/300
      [B K=5] perm 100/300
      [B K=5] perm 150/300
      [B K=5] perm 200/300
      [B K=5] perm 250/300
      [B K=5] perm 300/300
  [B K= 5] n=16941 WR= 48.04% PF=0.768 exp=   -4.08pip | need>57.17% | N1 z=-1.681 N2 z=-2.363 | CD n=5813 exp=-6.032190450206366
      [B K=8] perm 50/300
      [B K=8] perm 100/300
      [B K=8] perm 150/300
      [B K=8] perm 200/300
      [B K=8] perm 250/300
      [B K=8] perm 300/300
  [B K= 8] n=14335 WR= 47.93% PF=0.757 exp=   -4.28pip | need>57.191% | N1 z=-1.568 N2 z=-2.678 | CD n=4853 exp=-6.718870343545192
      [B K=13] perm 50/300
      [B K=13] perm 100/300
      [B K=13] perm 150/300
      [B K=13] perm 200/300
      [B K=13] perm 250/300
      [B K=13] perm 300/300
  [B K=13] n= 9190 WR= 47.92% PF=0.754 exp=   -4.34pip | need>57.136% | N1 z=-1.478 N2 z=-2.489 | CD n=2877 exp=-7.466021614632208

  N=10 (K grid x 2 variants) ⇒ luck bound = 1.575σ
  saved -> results/_scan_S346/XAUUSD-M15_ens.json
