=== S346 OOS TRANSFER :: EURUSD-M5 (bars=200,000) ===
    family + filters are FROZEN from XAUUSD-D1; only the filter
    thresholds are re-expressed at the SAME quantile.
  ref quantiles: cache hit -> {'cg_fib_13': 0.06445573682802888, 'std_fib_55': 0.7619684407595614}
  transferred thresholds on target card:
    cg_fib_13      q=0.0645 ⇒ thr=-0.00137819
    std_fib_55     q=0.7620 ⇒ thr=+0.77732
    gate keeps 145,470/200,000 bars (72.73%)
    ... member 12/54
    ... member 24/54
    ... member 36/54
    ... member 48/54

  OBSERVED over 54 members:
     BARE      mean WR=39.498%  mean exp=-1.752pip
     FILTERED  mean WR=37.575%  mean exp=-1.710pip
     ΔWR=-1.923pp   members improved: 0/54 (0.0%)

  NULL-1: time permutation (does the FILTERED family have skill?)
    perm 25/200  null WR mean=40.330 sd=0.025 max=40.378
    perm 50/200  null WR mean=40.330 sd=0.033 max=40.421
    perm 75/200  null WR mean=40.328 sd=0.031 max=40.421
    perm 100/200  null WR mean=40.328 sd=0.031 max=40.421
    perm 125/200  null WR mean=40.328 sd=0.032 max=40.421
    perm 150/200  null WR mean=40.329 sd=0.035 max=40.421
    perm 175/200  null WR mean=40.330 sd=0.035 max=40.421
    perm 200/200  null WR mean=40.330 sd=0.035 max=40.421

  NULL-2: equally-selective random subsets (does the FILTER add?)
    perm 25/200  null ΔWR mean=-0.093 sd=0.025 max=-0.036
    perm 50/200  null ΔWR mean=-0.100 sd=0.025 max=-0.036
    perm 75/200  null ΔWR mean=-0.099 sd=0.024 max=-0.036
    perm 100/200  null ΔWR mean=-0.097 sd=0.026 max=-0.011
    perm 125/200  null ΔWR mean=-0.098 sd=0.027 max=-0.011
    perm 150/200  null ΔWR mean=-0.098 sd=0.027 max=-0.011
    perm 175/200  null ΔWR mean=-0.098 sd=0.026 max=-0.011
    perm 200/200  null ΔWR mean=-0.099 sd=0.027 max=-0.011

  ==========================================================================
  TEST-1  filtered family vs TIME null (200 draws)
     null WR  mean=40.330 sd=0.035 max=40.421   |  obs=37.575
     null exp mean=-1.614 sd=0.003          |  obs=-1.710
     lift WR=-2.755pp (-78.73σ)   exp=-0.096pip (-33.99σ)   p_emp=1.00000
  TEST-2  filter increment vs SUBSET null (200 draws)
     null ΔWR mean=-0.099 sd=0.027 max=-0.011  frac-improved=30.3%
     lift=-1.824pp (-68.56σ)   p_emp=1.00000
  N=1 bound = 0.520σ
  ⇒ TRANSFER FAILED
  ==========================================================================

  top members after filtering (by WR):
    p=34 m=1.272 er=0.146 h=13 | n 37119->23254 WR 41.43->39.79 (-1.65) exp    -1.71
    p=34 m=1.618 er=0.146 h=13 | n 33679->20464 WR 41.30->39.38 (-1.91) exp    -1.74
    p=34 m=1.272 er=0.236 h=13 | n 28173->16185 WR 41.31->39.38 (-1.93) exp    -1.73
    p=34 m=2.058 er=0.146 h=13 | n 28984->16700 WR 41.36->39.37 (-2.00) exp    -1.73
    p=34 m=1.618 er=0.236 h=13 | n 26636->14958 WR 41.20->39.06 (-2.13) exp    -1.74
    p=21 m=1.272 er=0.146 h=13 | n 37062->24803 WR 40.65->39.01 (-1.64) exp    -1.71
    p=21 m=1.618 er=0.146 h=13 | n 31829->20430 WR 40.63->38.99 (-1.64) exp    -1.71
    p=21 m=1.618 er=0.236 h=13 | n 28591->18087 WR 40.58->38.90 (-1.69) exp    -1.70
  saved -> results/_scan_S346/EURUSD-M5_oos.json
